<?xml version="1.0" encoding="UTF-8"?>
<testsuites name="jest tests" tests="4" failures="0" time="1.227">
  <testsuite name="Pages" errors="0" failures="0" skipped="0" timestamp="2020-01-08T21:33:33" time="0.371" tests="2">
    <testcase classname="Pages Index should render the header without an error" name="Pages Index should render the header without an error" time="0.026">
    </testcase>
    <testcase classname="Pages Index should render the message without an error" name="Pages Index should render the message without an error" time="0.004">
    </testcase>
  </testsuite>
  <testsuite name="Pages" errors="0" failures="0" skipped="0" timestamp="2020-01-08T21:33:33" time="0.044" tests="2">
    <testcase classname="Pages About should render the header without an error" name="Pages About should render the header without an error" time="0.008">
    </testcase>
    <testcase classname="Pages About should render the message without an error" name="Pages About should render the message without an error" time="0.001">
    </testcase>
  </testsuite>
</testsuites>